Id	Title	Subtitle	Autocomplete	
89c53a58-e3f9-3678-923b-f6d0d0b602d3	skiline@localhost/	Connection	skiline@localhost/
6f63cf71-c255-3871-9d2d-e406d9414d8b	skiline-php@localhost/	Connection	skiline-php@localhost/

