Id	Title	Subtitle	Autocomplete	
skiline@bmwqa.skiline.net/	skiline@bmwqa.skiline.net/	Connection	skiline@bmwqa.skiline.net/
skiline@bmwqa.skiline.net/skiline	skiline@bmwqa.skiline.net/skiline/	Connection	skiline@bmwqa.skiline.net/skiline/

