Id	Title	Subtitle	Autocomplete	
8422e1be-16c9-34b7-ab23-e3d6ea0f7ea1	skiline@bmwqa.skiline.net/	Connection	skiline@bmwqa.skiline.net/

