Id	Title	Subtitle	Autocomplete	
skiline@qa2.skiline.net/	skiline@qa2.skiline.net/	Connection	skiline@qa2.skiline.net/
skiline@localhost/	skiline@localhost/	Connection	skiline@localhost/
skiline@bmwqa.skiline.net/	skiline@bmwqa.skiline.net/	Connection	skiline@bmwqa.skiline.net/
skiline-php@localhost/	skiline-php@localhost/	Connection	skiline-php@localhost/
skiline@qa.skiline.net/	skiline@qa.skiline.net/	Connection	skiline@qa.skiline.net/
skiline@188.65.75.24/	skiline@188.65.75.24/	Connection	skiline@188.65.75.24/
skiline@livecopy.skiline.net/	skiline@livecopy.skiline.net/	Connection	skiline@livecopy.skiline.net/

