Id	Title	Subtitle	Autocomplete	
37e593c2-b7fb-3157-a6ee-dc9b93cb2783	10.60.4.113	HOST_NAME	skiline@localhost/skiline/system_property/1/

