Id	Title	Subtitle	Autocomplete	
98894356-eb9e-3001-a945-2a0c65d118b4	skiline@localhost/skiline/	Database	skiline@localhost/skiline/
17a8d909-ec18-3fb9-a668-a6b964c1b2b2	skiline@localhost/skiline_test/	Database	skiline@localhost/skiline_test/

