Id	Title	Subtitle	Autocomplete	
postgres@188.65.75.24/	postgres@188.65.75.24/	Connection	postgres@188.65.75.24/
skiline@qa2.skiline.net/	skiline@qa2.skiline.net/	Connection	skiline@qa2.skiline.net/
postgres@bmwqa.skiline.net/	postgres@bmwqa.skiline.net/	Connection	postgres@bmwqa.skiline.net/
hikeline@localhost/	hikeline@localhost/	Connection	hikeline@localhost/
postgres@sevensummits.easyplex.com/	postgres@sevensummits.easyplex.com/	Connection	postgres@sevensummits.easyplex.com/
postgres@localhost/	postgres@localhost/	Connection	postgres@localhost/
postgres@livecopy.skiline.net/	postgres@livecopy.skiline.net/	Connection	postgres@livecopy.skiline.net/
hikeline@www.hikeline.cc/	hikeline@www.hikeline.cc/	Connection	hikeline@www.hikeline.cc/
skiline@localhost/	skiline@localhost/	Connection	skiline@localhost/
skiline@bmwqa.skiline.net/	skiline@bmwqa.skiline.net/	Connection	skiline@bmwqa.skiline.net/
skiline-php@localhost/	skiline-php@localhost/	Connection	skiline-php@localhost/
skiline@qa.skiline.net/	skiline@qa.skiline.net/	Connection	skiline@qa.skiline.net/
postgres@qa2.skiline.net/	postgres@qa2.skiline.net/	Connection	postgres@qa2.skiline.net/
skiline@188.65.75.24/	skiline@188.65.75.24/	Connection	skiline@188.65.75.24/
skiline@livecopy.skiline.net/	skiline@livecopy.skiline.net/	Connection	skiline@livecopy.skiline.net/
postgres@qa.skiline.net/	postgres@qa.skiline.net/	Connection	postgres@qa.skiline.net/

