Id	Title	Subtitle	Autocomplete
4c4ed034-4432-3ca7-a219-55acc1f1d1d3	XML	api_key.title	skiline@localhost/skiline/api_key/XML/
91939280-6f74-3901-8a1f-bdb6662785bc	09e779ae355b11e1960deb4f79cd2388	api_key.subtitle	skiline@localhost/skiline/api_key/09e779ae355b11e1960deb4f79cd2388/
004689e1-230d-3cb6-92c7-081410295f24	09e76932355b11e191dfaf54d84cf92e	api_key.id	skiline@localhost/skiline/api_key/09e76932355b11e191dfaf54d84cf92e/
64dae1a9-9b72-39c2-8964-1a51aebabc8e	0	api_key.version	skiline@localhost/skiline/api_key/0/
91939280-6f74-3901-8a1f-bdb6662785bc	09e779ae355b11e1960deb4f79cd2388	api_key.key	skiline@localhost/skiline/api_key/09e779ae355b11e1960deb4f79cd2388/
2d3a8e76-9627-3e5c-b2a6-84ca50c275b4	6	api_key.ordinal	skiline@localhost/skiline/api_key/6/
8bf0a827-493e-3196-a22d-4fbd5c2ac2af	False	api_key.b2b_visible	skiline@localhost/skiline/api_key/False/
6295ce95-489a-3f47-a5c2-38f3b8ed7f23	2f9fbb40226111e2970214feb5c97fba (2f9fbb40226111e2970214feb5c97fba)	api_key.client_id -> client.id	skiline@localhost/skiline/client/2f9fbb40226111e2970214feb5c97fba/
4c4ed034-4432-3ca7-a219-55acc1f1d1d3	XML	api_key.comment	skiline@localhost/skiline/api_key/XML/
e144eb0f-8ce5-3016-847b-f986823e47f5	17003e2c226411e2a2e914feb5c97fba (17003e2c226411e2a2e914feb5c97fba)	api_key.forgot_password_email_template_id -> email_template.id	skiline@localhost/skiline/email_template/17003e2c226411e2a2e914feb5c97fba/
97f74ef7-f707-3fdb-9b16-f4525bfca872	0d965f6c226711e2850214feb5c97fba (0d965f6c226711e2850214feb5c97fba)	api_key.registration_doi_email_template_id -> email_template.id	skiline@localhost/skiline/email_template/0d965f6c226711e2850214feb5c97fba/
06166e62-6031-3eb3-b8df-d1614b4cb4be	4d71cf85c9a74d010a5e9bcea23513f6	api_key.key_hash	skiline@localhost/skiline/api_key/4d71cf85c9a74d010a5e9bcea23513f6/
a0fb9954-451a-3832-a37a-3511083c840e	None	api_key.sender_email_address	skiline@localhost/skiline/api_key/None/
a0fb9954-451a-3832-a37a-3511083c840e	None	api_key.sender_name	skiline@localhost/skiline/api_key/None/
b01c74ff-df5c-33f2-911e-03248d22471b	Ref: api_key_2_badge_definition.api_key_id	api_key_2_badge_definition.api_key_id	skiline@localhost/skiline/api_key_2_badge_definition/api_key_id=09e76932355b11e191dfaf54d84cf92e
65801748-0e3a-393f-b662-cfe653908d12	Ref: api_key_2_competition.api_key_id	api_key_2_competition.api_key_id	skiline@localhost/skiline/api_key_2_competition/api_key_id=09e76932355b11e191dfaf54d84cf92e
2b9495ec-62d3-32fc-865b-ce1103e6fda1	Ref: api_permission.api_key_id	api_permission.api_key_id	skiline@localhost/skiline/api_permission/api_key_id=09e76932355b11e191dfaf54d84cf92e

