Id	Title	Subtitle	Autocomplete	
13704947-ceff-3779-9a96-0b647a9a2320	Hikeline	ffea0d34c9cb11e2995da3700476952a	skiline@localhost/skiline/api_key/669ba310c9fb11e2aa1fd702d6148dbf/

