Id	Title	Subtitle	Autocomplete	
2db3749b-29b5-3792-9acc-c99906b480c8	postgres@bmwqa.skiline.net/	Connection	postgres@bmwqa.skiline.net/
8422e1be-16c9-34b7-ab23-e3d6ea0f7ea1	skiline@bmwqa.skiline.net/	Connection	skiline@bmwqa.skiline.net/

