Id	Title	Subtitle	Autocomplete	
bc1b7f66-023c-3b42-98dc-b7a0ad2f00b1	skiline@qa2.skiline.net/	Connection	skiline@qa2.skiline.net/
2db3749b-29b5-3792-9acc-c99906b480c8	postgres@bmwqa.skiline.net/	Connection	postgres@bmwqa.skiline.net/
2f7ff16e-dd41-37a9-bce4-1588dcb42780	postgres@livecopy.skiline.net/	Connection	postgres@livecopy.skiline.net/
89c53a58-e3f9-3678-923b-f6d0d0b602d3	skiline@localhost/	Connection	skiline@localhost/
8422e1be-16c9-34b7-ab23-e3d6ea0f7ea1	skiline@bmwqa.skiline.net/	Connection	skiline@bmwqa.skiline.net/
6f63cf71-c255-3871-9d2d-e406d9414d8b	skiline-php@localhost/	Connection	skiline-php@localhost/
ab3598ae-a4d0-382f-9987-34e3e8b76a43	skiline@qa.skiline.net/	Connection	skiline@qa.skiline.net/
d05af6c4-0c9a-34c8-b616-408cedbb93c5	postgres@qa2.skiline.net/	Connection	postgres@qa2.skiline.net/
ee5670e7-557f-320d-9f4d-c93df811b226	skiline@188.65.75.24/	Connection	skiline@188.65.75.24/
ff14bcf5-c571-3be6-93ec-6fa53f19c152	skiline@livecopy.skiline.net/	Connection	skiline@livecopy.skiline.net/
843cf94e-c89d-3768-a1ab-2e90e97ded09	postgres@qa.skiline.net/	Connection	postgres@qa.skiline.net/

